// Jest Snapshot v1, https://goo.gl/fbAQLP

exports[`Header should match snapshot with largeViewport 1`] = `
<t
  pinStart={0}
  scrollHeight={85}
>
  <header
    className="header"
  >
    <div
      className="logoWide"
    >
      <Connect(LinkComponent)
        href="/"
      >
        <img />
      </Connect(LinkComponent)>
    </div>
    <HeaderActionBar
      className="actionBar"
      items={
        Array [
          HeaderActionItem {
            "_dropDownNode": undefined,
            "_href": "/action1",
            "_iconSrc": undefined,
          },
        ]
      }
    />
    <HeaderMenuBar
      className="navigationBar"
      items={
        Array [
          HeaderNavigationItem {
            "_active": undefined,
            "_href": "/nav1",
            "_text": undefined,
          },
        ]
      }
    />
  </header>
</t>
`;

exports[`Header should match snapshot with smallViewport 1`] = `
<t
  pinStart={0}
  scrollHeight={85}
>
  <header
    className="header"
  >
    <div
      className="logoWide"
    >
      <Connect(LinkComponent)
        href="/"
      >
        <img />
      </Connect(LinkComponent)>
    </div>
    <HeaderActionBar
      className="actionBar"
      items={
        Array [
          HeaderActionItem {
            "_dropDownNode": undefined,
            "_href": "/action1",
            "_iconSrc": undefined,
          },
        ]
      }
    />
    <HeaderMenuBar
      className="navigationBar"
      items={
        Array [
          HeaderNavigationItem {
            "_active": undefined,
            "_href": "/nav1",
            "_text": undefined,
          },
        ]
      }
    />
  </header>
</t>
`;
