// Jest Snapshot v1, https://goo.gl/fbAQLP

exports[`disclaimer should throw if the city to map the url are missing 1`] = `"_disclaimer.default.mapParamsToUrl is not a function"`;

exports[`disclaimer should throw if the language to map the url are missing 1`] = `"_disclaimer.default.mapParamsToUrl is not a function"`;

exports[`disclaimer should throw if there is no disclaimer 1`] = `"disclaimer:notAvailable"`;
